Traceback (most recent call last):
  File "C:\Users\OKAN\AppData\Local\Programs\Python\Python314\Lib\site-packages\jupyter_cache\executors\utils.py", line 58, in single_nb_execution
    executenb(
    ~~~~~~~~~^
        nb,
        ^^^
    ...<4 lines>...
        **kwargs,
        ^^^^^^^^^
    )
    ^
  File "C:\Users\OKAN\AppData\Local\Programs\Python\Python314\Lib\site-packages\nbclient\client.py", line 1323, in execute
    return NotebookClient(nb=nb, resources=resources, km=km, **kwargs).execute()
           ~~~~~~~~~~~~~~~~~~~~~~~~~~~~~~~~~~~~~~~~~~~~~~~~~~~~~~~~~~~~~~~~~~~^^
  File "C:\Users\OKAN\AppData\Local\Programs\Python\Python314\Lib\site-packages\jupyter_core\utils\__init__.py", line 165, in wrapped
    return loop.run_until_complete(inner)
           ~~~~~~~~~~~~~~~~~~~~~~~^^^^^^^
  File "C:\Users\OKAN\AppData\Local\Programs\Python\Python314\Lib\asyncio\base_events.py", line 719, in run_until_complete
    return future.result()
           ~~~~~~~~~~~~~^^
  File "C:\Users\OKAN\AppData\Local\Programs\Python\Python314\Lib\site-packages\nbclient\client.py", line 709, in async_execute
    await self.async_execute_cell(
        cell, index, execution_count=self.code_cells_executed + 1
    )
  File "C:\Users\OKAN\AppData\Local\Programs\Python\Python314\Lib\site-packages\nbclient\client.py", line 1062, in async_execute_cell
    await self._check_raise_for_error(cell, cell_index, exec_reply)
  File "C:\Users\OKAN\AppData\Local\Programs\Python\Python314\Lib\site-packages\nbclient\client.py", line 918, in _check_raise_for_error
    raise CellExecutionError.from_cell_and_msg(cell, exec_reply_content)
nbclient.exceptions.CellExecutionError: An error occurred while executing the following cell:
------------------
# Partial Dependence Plot untuk Temperature dan lag_1
fig, axes = plt.subplots(1, 2, figsize=(13, 5))

PartialDependenceDisplay.from_estimator(
    estimator       = forecaster.regressor,
    X               = X_train,
    features        = ["Temperature", "lag_1"],
    kind            = 'both',
    ax              = axes,
    grid_resolution = 50,
    line_kw         = {"color": "steelblue", "linewidth": 2}
)

axes[0].set_title('PDP: Temperature\n(tebal=rata-rata, tipis=individual)', fontsize=11)
axes[1].set_title('PDP: lag_1 (Demand kemarin)\n(tebal=rata-rata, tipis=individual)', fontsize=11)
for ax in axes:
    ax.grid(True, alpha=0.3)

plt.suptitle('Partial Dependence Plot (PDP + ICE)', fontsize=13, fontweight='bold', y=1.02)
plt.tight_layout()
plt.show()
------------------


[31m---------------------------------------------------------------------------[39m
[31mAttributeError[39m                            Traceback (most recent call last)
[36mCell[39m[36m [39m[32mIn[18][39m[32m, line 5[39m
[32m      1[39m [38;5;66;03m# Partial Dependence Plot untuk Temperature dan lag_1[39;00m
[32m      2[39m fig, axes = plt.subplots([32m1[39m, [32m2[39m, figsize=([32m13[39m, [32m5[39m))
[32m      4[39m PartialDependenceDisplay.from_estimator(
[32m----> [39m[32m5[39m     estimator       = [43mforecaster[49m[43m.[49m[43mregressor[49m,
[32m      6[39m     X               = X_train,
[32m      7[39m     features        = [[33m"[39m[33mTemperature[39m[33m"[39m, [33m"[39m[33mlag_1[39m[33m"[39m],
[32m      8[39m     kind            = [33m'[39m[33mboth[39m[33m'[39m,
[32m      9[39m     ax              = axes,
[32m     10[39m     grid_resolution = [32m50[39m,
[32m     11[39m     line_kw         = {[33m"[39m[33mcolor[39m[33m"[39m: [33m"[39m[33msteelblue[39m[33m"[39m, [33m"[39m[33mlinewidth[39m[33m"[39m: [32m2[39m}
[32m     12[39m )
[32m     14[39m axes[[32m0[39m].set_title([33m'[39m[33mPDP: Temperature[39m[38;5;130;01m\n[39;00m[33m(tebal=rata-rata, tipis=individual)[39m[33m'[39m, fontsize=[32m11[39m)
[32m     15[39m axes[[32m1[39m].set_title([33m'[39m[33mPDP: lag_1 (Demand kemarin)[39m[38;5;130;01m\n[39;00m[33m(tebal=rata-rata, tipis=individual)[39m[33m'[39m, fontsize=[32m11[39m)

[31mAttributeError[39m: 'ForecasterRecursive' object has no attribute 'regressor'

